// Jest Snapshot v1, https://goo.gl/fbAQLP

exports[`Should be find element correctly  1`] = `
<div>
  <h1
    id="header"
  >
    Auchaphon
  </h1>
  <p
    id="body"
  >
    Auchaphon Body
  </p>
</div>
`;
